{
    "sfm_data_version": "0.3",
    "root_path": ".",
    "views": [
        {
            "key": 0,
            "value": {
                "polymorphic_id": 1073741824,
                "ptr_wrapper": {
                    "id": 2147483649,
                    "data": {
                        "local_path": "",
                        "filename": "view.jpg",
                        "width": 100,
                        "height": 100,
                        "id_view": 0,
                        "id_intrinsic": 0,
                        "id_pose": 0
                    }
                }
            }
        }
    ],
    "intrinsics": [
        {
            "key": 0,
            "value": {
                "polymorphic_id": 2147483649,
                "polymorphic_name": "pinhole",
                "ptr_wrapper": {
                    "id": 2147483650,
                    "data": {
                        "width": 100,
                        "height": 100,
                        "focal_length": 100.0,
                        "principal_point": [
                            50.0,
                            50.0
                        ]
                    }
                }
            }
        }
    ],
    "extrinsics": [
        {
            "key": 0,
            "value": {
                "rotation": [
                    [
                        -1.0,
                        0.0,
                        0.0
                    ],
                    [
                        0.0,
                        1.0,
                        0.0
                    ],
                    [
                        0.0,
                        0.0,
                        -1.0
                    ]
                ],
                "center": [
                    0.0,
                    0.0,
                    0.0
                ]
            }
        }
    ],
    "structure": [],
    "control_points": []
}